
> surtitlelive-blog@v260311.01 build
> astro build

[2m19:03:33[22m [34m[content][39m Syncing content
[2m19:03:33[22m [34m[content][39m Synced content
[2m19:03:33[22m [34m[types][39m Generated [2m439ms[22m
[2m19:03:33[22m [34m[build][39m output: [34m"static"[39m
[2m19:03:33[22m [34m[build][39m mode: [34m"static"[39m
[2m19:03:33[22m [34m[build][39m directory: [34mC:\Users\MSI\Desktop\SurtitleLive_v2\blog\dist\[39m
[2m19:03:33[22m [34m[build][39m Collecting build info...
[2m19:03:33[22m [34m[build][39m [32mΓ£ô Completed in 461ms.[39m
[2m19:03:33[22m [34m[build][39m Building static entrypoints...
19:03:33 [ERROR] [vite] Γ£ù Build failed in 370ms
[ImageNotFound] [commonjs--resolver] Could not find requested image `/blog/images/blog-6-1.png`. Does it exist?
  Hint:
    This is often caused by a typo in the image path. Please make sure the file exists, and is spelled correctly.
  Error reference:
    https://docs.astro.build/en/reference/errors/image-not-found/
  Location:
    C:\Users\MSI\Desktop\SurtitleLive_v2\blog\node_modules\astro\dist\content\vite-plugin-content-assets.js:31:17
  Stack trace:
    at Object.resolveId (file:///C:/Users/MSI/Desktop/SurtitleLive_v2/blog/node_modules/astro/dist/content/vite-plugin-content-assets.js:31:17)
    at async resolveId (file:///C:/Users/MSI/Desktop/SurtitleLive_v2/blog/node_modules/rollup/dist/es/shared/node-entry.js:20880:26)
    at async Object.resolveId (file:///C:/Users/MSI/Desktop/SurtitleLive_v2/blog/node_modules/vite/dist/node/chunks/dep-D4NMHUTW.js:2835:10)
    at async resolveId (file:///C:/Users/MSI/Desktop/SurtitleLive_v2/blog/node_modules/rollup/dist/es/shared/node-entry.js:20880:26)
    at async file:///C:/Users/MSI/Desktop/SurtitleLive_v2/blog/node_modules/rollup/dist/es/shared/node-entry.js:21621:50
